src/modules/file-manager/file-manager.controller.ts(98,66): error TS2345: Argument of type 'string | undefined' is not assignable to parameter of type 'string | null'.
  Type 'undefined' is not assignable to type 'string | null'.
src/modules/file-manager/file-manager.service.ts(77,28): error TS2345: Argument of type '{ id: any; nombre: any; parent_id: any; }' is not assignable to parameter of type 'never'.
src/modules/file-manager/file-manager.service.ts(115,28): error TS2339: Property 'targetFolderId' does not exist on type 'MoveFolderDto'.
src/modules/file-manager/file-manager.service.ts(184,33): error TS2339: Property 'nuevoNombre' does not exist on type 'RenameFileDto'.
src/modules/file-manager/file-manager.service.ts(193,29): error TS2339: Property 'targetFolderId' does not exist on type 'MoveFileDto'.
src/modules/file-manager/file-manager.service.ts(251,28): error TS2339: Property 'tipo' does not exist on type 'ShareItemDto'.
src/modules/file-manager/file-manager.service.ts(252,37): error TS2339: Property 'usuarioDestinoId' does not exist on type 'ShareItemDto'.
src/modules/file-manager/file-manager.service.ts(253,26): error TS2339: Property 'permiso' does not exist on type 'ShareItemDto'.
src/modules/file-manager/file-manager.service.ts(256,17): error TS2339: Property 'tipo' does not exist on type 'ShareItemDto'.
src/modules/file-manager/file-manager.service.ts(262,17): error TS2339: Property 'permiso' does not exist on type 'ShareItemDto'.
src/modules/file-manager/file-manager.service.ts(262,46): error TS2339: Property 'tipo' does not exist on type 'ShareItemDto'.
src/modules/file-manager/file-manager.service.ts(262,73): error TS2339: Property 'usuarioDestinoId' does not exist on type 'ShareItemDto'.
